2026-05-10T16:46:39.698+0200 [DEBUG] [org.gradle.launcher.daemon.bootstrap.DaemonMain] Assuming the daemon was started with following jvm opts: [--add-opens=java.base/java.util=ALL-UNNAMED, --add-opens=java.base/java.lang=ALL-UNNAMED, --add-opens=java.base/java.lang.invoke=ALL-UNNAMED, --add-opens=java.prefs/java.util.prefs=ALL-UNNAMED, --add-exports=jdk.compiler/com.sun.tools.javac.api=ALL-UNNAMED, --add-exports=jdk.compiler/com.sun.tools.javac.util=ALL-UNNAMED, --add-opens=java.base/java.nio.charset=ALL-UNNAMED, --add-opens=java.base/java.net=ALL-UNNAMED, --add-opens=java.base/java.util.concurrent.atomic=ALL-UNNAMED, -XX:MaxMetaspaceSize=384m, -XX:+HeapDumpOnOutOfMemoryError, -Xms256m, -Xmx512m, -Dfile.encoding=US-ASCII, -Duser.country=US, -Duser.language=en, -Duser.variant]
2026-05-10T16:46:39.769+0200 [INFO] [org.gradle.launcher.daemon.server.Daemon] start() called on daemon - DefaultDaemonContext[uid=3031c785-0dbd-4a17-be0f-c1ccf4805a2a,javaHome=/Users/jedilink/.sdkman/candidates/java/17.0.19-zulu,javaVersion=17,javaVendor=Azul Systems, Inc.,daemonRegistryDir=/Users/jedilink/usr/paradigmas/rpkCpp/java/.gradle-home/daemon,pid=32848,idleTimeout=10800000,priority=NORMAL,applyInstrumentationAgent=true,nativeServicesMode=ENABLED,daemonOpts=--add-opens=java.base/java.util=ALL-UNNAMED,--add-opens=java.base/java.lang=ALL-UNNAMED,--add-opens=java.base/java.lang.invoke=ALL-UNNAMED,--add-opens=java.prefs/java.util.prefs=ALL-UNNAMED,--add-exports=jdk.compiler/com.sun.tools.javac.api=ALL-UNNAMED,--add-exports=jdk.compiler/com.sun.tools.javac.util=ALL-UNNAMED,--add-opens=java.base/java.nio.charset=ALL-UNNAMED,--add-opens=java.base/java.net=ALL-UNNAMED,--add-opens=java.base/java.util.concurrent.atomic=ALL-UNNAMED,-XX:MaxMetaspaceSize=384m,-XX:+HeapDumpOnOutOfMemoryError,-Xms256m,-Xmx512m,-Dfile.encoding=US-ASCII,-Duser.country=US,-Duser.language=en,-Duser.variant]
2026-05-10T16:46:39.791+0200 [DEBUG] [org.gradle.internal.remote.internal.inet.InetAddresses] Adding IP addresses for network interface utun3
2026-05-10T16:46:39.791+0200 [DEBUG] [org.gradle.internal.remote.internal.inet.InetAddresses] Is this a loopback interface? false
2026-05-10T16:46:39.791+0200 [DEBUG] [org.gradle.internal.remote.internal.inet.InetAddresses] Adding remote address /fe80:0:0:0:ce81:b1c:bd2c:69e%utun3
2026-05-10T16:46:39.792+0200 [DEBUG] [org.gradle.internal.remote.internal.inet.InetAddresses] Adding IP addresses for network interface utun2
2026-05-10T16:46:39.792+0200 [DEBUG] [org.gradle.internal.remote.internal.inet.InetAddresses] Is this a loopback interface? false
2026-05-10T16:46:39.792+0200 [DEBUG] [org.gradle.internal.remote.internal.inet.InetAddresses] Adding remote address /fe80:0:0:0:1a6d:ec98:b307:8c%utun2
2026-05-10T16:46:39.792+0200 [DEBUG] [org.gradle.internal.remote.internal.inet.InetAddresses] Adding IP addresses for network interface utun1
2026-05-10T16:46:39.792+0200 [DEBUG] [org.gradle.internal.remote.internal.inet.InetAddresses] Is this a loopback interface? false
2026-05-10T16:46:39.793+0200 [DEBUG] [org.gradle.internal.remote.internal.inet.InetAddresses] Adding remote address /fe80:0:0:0:4f02:fe85:3429:5367%utun1
2026-05-10T16:46:39.793+0200 [DEBUG] [org.gradle.internal.remote.internal.inet.InetAddresses] Adding IP addresses for network interface utun0
2026-05-10T16:46:39.793+0200 [DEBUG] [org.gradle.internal.remote.internal.inet.InetAddresses] Is this a loopback interface? false
2026-05-10T16:46:39.793+0200 [DEBUG] [org.gradle.internal.remote.internal.inet.InetAddresses] Adding remote address /fe80:0:0:0:7ae0:5e87:359c:519%utun0
2026-05-10T16:46:39.793+0200 [DEBUG] [org.gradle.internal.remote.internal.inet.InetAddresses] Adding IP addresses for network interface llw0
2026-05-10T16:46:39.793+0200 [DEBUG] [org.gradle.internal.remote.internal.inet.InetAddresses] Is this a loopback interface? false
2026-05-10T16:46:39.793+0200 [DEBUG] [org.gradle.internal.remote.internal.inet.InetAddresses] Adding remote address /fe80:0:0:0:983c:54ff:fe96:ab78%llw0
2026-05-10T16:46:39.793+0200 [DEBUG] [org.gradle.internal.remote.internal.inet.InetAddresses] Adding IP addresses for network interface awdl0
2026-05-10T16:46:39.793+0200 [DEBUG] [org.gradle.internal.remote.internal.inet.InetAddresses] Is this a loopback interface? false
2026-05-10T16:46:39.794+0200 [DEBUG] [org.gradle.internal.remote.internal.inet.InetAddresses] Adding remote address /fe80:0:0:0:983c:54ff:fe96:ab78%awdl0
2026-05-10T16:46:39.794+0200 [DEBUG] [org.gradle.internal.remote.internal.inet.InetAddresses] Adding IP addresses for network interface feth699
2026-05-10T16:46:39.794+0200 [DEBUG] [org.gradle.internal.remote.internal.inet.InetAddresses] Is this a loopback interface? false
2026-05-10T16:46:39.794+0200 [DEBUG] [org.gradle.internal.remote.internal.inet.InetAddresses] Adding remote address /10.243.39.39
2026-05-10T16:46:39.794+0200 [DEBUG] [org.gradle.internal.remote.internal.inet.InetAddresses] Adding IP addresses for network interface en0
2026-05-10T16:46:39.794+0200 [DEBUG] [org.gradle.internal.remote.internal.inet.InetAddresses] Is this a loopback interface? false
2026-05-10T16:46:39.794+0200 [DEBUG] [org.gradle.internal.remote.internal.inet.InetAddresses] Adding remote address /fe80:0:0:0:1852:2d18:1aab:a228%en0
2026-05-10T16:46:39.794+0200 [DEBUG] [org.gradle.internal.remote.internal.inet.InetAddresses] Adding remote address /192.168.1.110
2026-05-10T16:46:39.794+0200 [DEBUG] [org.gradle.internal.remote.internal.inet.InetAddresses] Adding IP addresses for network interface lo0
2026-05-10T16:46:39.795+0200 [DEBUG] [org.gradle.internal.remote.internal.inet.InetAddresses] Is this a loopback interface? true
2026-05-10T16:46:39.795+0200 [DEBUG] [org.gradle.internal.remote.internal.inet.InetAddresses] Ignoring remote address on loopback interface /fe80:0:0:0:0:0:0:1%lo0
2026-05-10T16:46:39.795+0200 [DEBUG] [org.gradle.internal.remote.internal.inet.InetAddresses] Adding loopback address /0:0:0:0:0:0:0:1%lo0
2026-05-10T16:46:39.795+0200 [DEBUG] [org.gradle.internal.remote.internal.inet.InetAddresses] Adding loopback address /127.51.68.120
2026-05-10T16:46:39.795+0200 [DEBUG] [org.gradle.internal.remote.internal.inet.InetAddresses] Adding loopback address /127.0.0.1
2026-05-10T16:46:39.798+0200 [DEBUG] [org.gradle.internal.remote.internal.inet.TcpIncomingConnector] Listening on [376d0578-5044-4384-a2bd-56024134d438 port:56042, addresses:[localhost/127.0.0.1]].
2026-05-10T16:46:39.806+0200 [DEBUG] [org.gradle.launcher.daemon.server.Daemon] Daemon starting at: Sun May 10 16:46:39 CEST 2026, with address: [376d0578-5044-4384-a2bd-56024134d438 port:56042, addresses:[localhost/127.0.0.1]]
2026-05-10T16:46:39.806+0200 [INFO] [org.gradle.launcher.daemon.server.DaemonRegistryUpdater] Advertising the daemon address to the clients: [376d0578-5044-4384-a2bd-56024134d438 port:56042, addresses:[localhost/127.0.0.1]]
2026-05-10T16:46:39.806+0200 [DEBUG] [org.gradle.launcher.daemon.server.DaemonRegistryUpdater] Advertised daemon context: DefaultDaemonContext[uid=3031c785-0dbd-4a17-be0f-c1ccf4805a2a,javaHome=/Users/jedilink/.sdkman/candidates/java/17.0.19-zulu,javaVersion=17,javaVendor=Azul Systems, Inc.,daemonRegistryDir=/Users/jedilink/usr/paradigmas/rpkCpp/java/.gradle-home/daemon,pid=32848,idleTimeout=10800000,priority=NORMAL,applyInstrumentationAgent=true,nativeServicesMode=ENABLED,daemonOpts=--add-opens=java.base/java.util=ALL-UNNAMED,--add-opens=java.base/java.lang=ALL-UNNAMED,--add-opens=java.base/java.lang.invoke=ALL-UNNAMED,--add-opens=java.prefs/java.util.prefs=ALL-UNNAMED,--add-exports=jdk.compiler/com.sun.tools.javac.api=ALL-UNNAMED,--add-exports=jdk.compiler/com.sun.tools.javac.util=ALL-UNNAMED,--add-opens=java.base/java.nio.charset=ALL-UNNAMED,--add-opens=java.base/java.net=ALL-UNNAMED,--add-opens=java.base/java.util.concurrent.atomic=ALL-UNNAMED,-XX:MaxMetaspaceSize=384m,-XX:+HeapDumpOnOutOfMemoryError,-Xms256m,-Xmx512m,-Dfile.encoding=US-ASCII,-Duser.country=US,-Duser.language=en,-Duser.variant]
2026-05-10T16:46:39.807+0200 [DEBUG] [org.gradle.launcher.daemon.registry.PersistentDaemonRegistry] Storing daemon address: [376d0578-5044-4384-a2bd-56024134d438 port:56042, addresses:[localhost/127.0.0.1]], context: DefaultDaemonContext[uid=3031c785-0dbd-4a17-be0f-c1ccf4805a2a,javaHome=/Users/jedilink/.sdkman/candidates/java/17.0.19-zulu,javaVersion=17,javaVendor=Azul Systems, Inc.,daemonRegistryDir=/Users/jedilink/usr/paradigmas/rpkCpp/java/.gradle-home/daemon,pid=32848,idleTimeout=10800000,priority=NORMAL,applyInstrumentationAgent=true,nativeServicesMode=ENABLED,daemonOpts=--add-opens=java.base/java.util=ALL-UNNAMED,--add-opens=java.base/java.lang=ALL-UNNAMED,--add-opens=java.base/java.lang.invoke=ALL-UNNAMED,--add-opens=java.prefs/java.util.prefs=ALL-UNNAMED,--add-exports=jdk.compiler/com.sun.tools.javac.api=ALL-UNNAMED,--add-exports=jdk.compiler/com.sun.tools.javac.util=ALL-UNNAMED,--add-opens=java.base/java.nio.charset=ALL-UNNAMED,--add-opens=java.base/java.net=ALL-UNNAMED,--add-opens=java.base/java.util.concurrent.atomic=ALL-UNNAMED,-XX:MaxMetaspaceSize=384m,-XX:+HeapDumpOnOutOfMemoryError,-Xms256m,-Xmx512m,-Dfile.encoding=US-ASCII,-Duser.country=US,-Duser.language=en,-Duser.variant]
2026-05-10T16:46:39.818+0200 [DEBUG] [org.gradle.cache.internal.DefaultFileLockManager] Waiting to acquire exclusive lock on daemon addresses registry.
2026-05-10T16:46:39.821+0200 [DEBUG] [org.gradle.cache.internal.DefaultFileLockManager] Lock acquired on daemon addresses registry.
2026-05-10T16:46:39.824+0200 [DEBUG] [org.gradle.cache.internal.DefaultFileLockManager] Releasing lock on daemon addresses registry.
2026-05-10T16:46:39.825+0200 [LIFECYCLE] [org.gradle.launcher.daemon.server.Daemon] Daemon server started.
2026-05-10T16:46:39.825+0200 [DEBUG] [org.gradle.launcher.daemon.bootstrap.DaemonStartupCommunication] Completed writing the daemon greeting. Closing streams...
2026-05-10T16:46:39.832+0200 [DEBUG] [org.gradle.launcher.daemon.server.Daemon] stopOnExpiration() called on daemon
2026-05-10T16:46:39.833+0200 [DEBUG] [org.gradle.launcher.daemon.server.Daemon] awaitExpiration() called on daemon
2026-05-10T16:46:39.833+0200 [DEBUG] [org.gradle.launcher.daemon.server.DaemonStateCoordinator] daemon is running. Sleeping until state changes.
2026-05-10T16:46:39.837+0200 [DEBUG] [org.gradle.internal.remote.internal.inet.TcpIncomingConnector] Accepted connection from /127.0.0.1:56043 to /127.0.0.1:56042.
2026-05-10T16:46:39.863+0200 [DEBUG] [org.gradle.launcher.daemon.server.SynchronizedDispatchConnection] thread 21: received class org.gradle.launcher.daemon.protocol.Build
2026-05-10T16:46:39.864+0200 [DEBUG] [org.gradle.launcher.daemon.server.DefaultDaemonConnection] thread 21: Received non-IO message from client: Build{id=eff3510c-fe8e-465f-b524-7c918412c042, currentDir=/Users/jedilink/usr/paradigmas/rpkCpp/java}
2026-05-10T16:46:39.864+0200 [INFO] [org.gradle.launcher.daemon.server.DefaultIncomingConnectionHandler] Received command: Build{id=eff3510c-fe8e-465f-b524-7c918412c042, currentDir=/Users/jedilink/usr/paradigmas/rpkCpp/java}.
2026-05-10T16:46:39.864+0200 [DEBUG] [org.gradle.launcher.daemon.server.DefaultIncomingConnectionHandler] Starting executing command: Build{id=eff3510c-fe8e-465f-b524-7c918412c042, currentDir=/Users/jedilink/usr/paradigmas/rpkCpp/java} with connection: socket connection from /127.0.0.1:56042 to /127.0.0.1:56043.
2026-05-10T16:46:39.867+0200 [DEBUG] [org.gradle.launcher.daemon.server.DaemonStateCoordinator] Command execution: started DaemonCommandExecution[command = Build{id=eff3510c-fe8e-465f-b524-7c918412c042, currentDir=/Users/jedilink/usr/paradigmas/rpkCpp/java}, connection = DefaultDaemonConnection: socket connection from /127.0.0.1:56042 to /127.0.0.1:56043] after 0.00145 minutes of idle
2026-05-10T16:46:39.867+0200 [INFO] [org.gradle.launcher.daemon.server.DaemonRegistryUpdater] Marking the daemon as busy, address: [376d0578-5044-4384-a2bd-56024134d438 port:56042, addresses:[localhost/127.0.0.1]]
2026-05-10T16:46:39.867+0200 [DEBUG] [org.gradle.launcher.daemon.registry.PersistentDaemonRegistry] Marking busy by address: [376d0578-5044-4384-a2bd-56024134d438 port:56042, addresses:[localhost/127.0.0.1]]
2026-05-10T16:46:39.867+0200 [DEBUG] [org.gradle.cache.internal.DefaultFileLockManager] Waiting to acquire exclusive lock on daemon addresses registry.
2026-05-10T16:46:39.867+0200 [DEBUG] [org.gradle.cache.internal.DefaultFileLockManager] Lock acquired on daemon addresses registry.
2026-05-10T16:46:39.868+0200 [DEBUG] [org.gradle.cache.internal.DefaultFileLockManager] Releasing lock on daemon addresses registry.
2026-05-10T16:46:39.868+0200 [DEBUG] [org.gradle.launcher.daemon.server.DaemonStateCoordinator] resetting idle timer
2026-05-10T16:46:39.868+0200 [DEBUG] [org.gradle.launcher.daemon.server.DaemonStateCoordinator] daemon is running. Sleeping until state changes.
2026-05-10T16:46:39.869+0200 [INFO] [org.gradle.launcher.daemon.server.exec.StartBuildOrRespondWithBusy] Daemon is about to start building Build{id=eff3510c-fe8e-465f-b524-7c918412c042, currentDir=/Users/jedilink/usr/paradigmas/rpkCpp/java}. Dispatching build started information...
2026-05-10T16:46:39.870+0200 [DEBUG] [org.gradle.launcher.daemon.server.SynchronizedDispatchConnection] thread 23: dispatching org.gradle.launcher.daemon.protocol.BuildStarted@57b85bab
2026-05-10T16:46:39.871+0200 [DEBUG] [org.gradle.launcher.daemon.server.exec.EstablishBuildEnvironment] Configuring env variables: [PATH, PERL_MM_OPT, GIT_PAGER, MACH_PORT_RENDEZVOUS_PEER_VALDATION, VSCODE_PID, PERL_MB_OPT, GH_PAGER, COLORTERM, SDKMAN_DIR, LOGNAME, PWD, VSCODE_NLS_CONFIG, SDKMAN_BROKER_API, CODEX_INTERNAL_ORIGINATOR_OVERRIDE, NVM_CD_FLAGS, SHELL, CODEX_SANDBOX_NETWORK_DISABLED, VSCODE_CRASH_REPORTER_PROCESS_TYPE, PAGER, SDKMAN_CANDIDATES_API, GOPATH, VSCODE_CODE_CACHE_PATH, TMPDIR, XPC_FLAGS, LC_ALL, __CF_USER_TEXT_ENCODING, LC_CTYPE, JAVA_MAIN_CLASS_32684, SHLVL, MallocNanoZone, VSCODE_HANDLES_UNCAUGHT_ERRORS, JAVA_HOME, RUST_LOG, TERM, LANG, COMMAND_MODE, DISPLAY, ELECTRON_RUN_AS_NODE, GRADLE_USER_HOME, NVM_INC, CODEX_THREAD_ID, XPC_SERVICE_NAME, NO_COLOR, PERL5LIB, SDKMAN_CANDIDATES_DIR, CODEX_CI, __CFBundleIdentifier, VSCODE_CWD, NVM_DIR, VSCODE_ESM_ENTRYPOINT, SDKMAN_PLATFORM, USER, DEBUG, SSH_AUTH_SOCK, EDITOR, NVM_BIN, PERL_LOCAL_LIB_ROOT, HOME, VSCODE_IPC_HOOK]
2026-05-10T16:46:39.874+0200 [DEBUG] [org.gradle.launcher.daemon.server.exec.LogToClient] About to start relaying all logs to the client via the connection.
2026-05-10T16:46:39.874+0200 [INFO] [org.gradle.launcher.daemon.server.exec.LogToClient] The client will now receive all logging from the daemon (pid: 32848). The daemon log file: /Users/jedilink/usr/paradigmas/rpkCpp/java/.gradle-home/daemon/8.10/daemon-32848.out.log
2026-05-10T16:46:39.875+0200 [INFO] [org.gradle.launcher.daemon.server.exec.LogAndCheckHealth] Starting build in new daemon [memory: 512 MiB]
2026-05-10T16:46:39.876+0200 [DEBUG] [org.gradle.launcher.daemon.server.exec.ExecuteBuild] The daemon has started executing the build.
2026-05-10T16:46:39.877+0200 [DEBUG] [org.gradle.launcher.daemon.server.exec.ExecuteBuild] Executing build with daemon context: DefaultDaemonContext[uid=3031c785-0dbd-4a17-be0f-c1ccf4805a2a,javaHome=/Users/jedilink/.sdkman/candidates/java/17.0.19-zulu,javaVersion=17,javaVendor=Azul Systems, Inc.,daemonRegistryDir=/Users/jedilink/usr/paradigmas/rpkCpp/java/.gradle-home/daemon,pid=32848,idleTimeout=10800000,priority=NORMAL,applyInstrumentationAgent=true,nativeServicesMode=ENABLED,daemonOpts=--add-opens=java.base/java.util=ALL-UNNAMED,--add-opens=java.base/java.lang=ALL-UNNAMED,--add-opens=java.base/java.lang.invoke=ALL-UNNAMED,--add-opens=java.prefs/java.util.prefs=ALL-UNNAMED,--add-exports=jdk.compiler/com.sun.tools.javac.api=ALL-UNNAMED,--add-exports=jdk.compiler/com.sun.tools.javac.util=ALL-UNNAMED,--add-opens=java.base/java.nio.charset=ALL-UNNAMED,--add-opens=java.base/java.net=ALL-UNNAMED,--add-opens=java.base/java.util.concurrent.atomic=ALL-UNNAMED,-XX:MaxMetaspaceSize=384m,-XX:+HeapDumpOnOutOfMemoryError,-Xms256m,-Xmx512m,-Dfile.encoding=US-ASCII,-Duser.country=US,-Duser.language=en,-Duser.variant]
/Users/jedilink/usr/paradigmas/rpkCpp/java/src/main/java/vsdk/toolkit/common/RenderOptions.java:36: error: cannot find symbol
    public ColorRgb outlineColor;
           ^
  symbol:   class ColorRgb
  location: class RenderOptions
/Users/jedilink/usr/paradigmas/rpkCpp/java/src/main/java/vsdk/toolkit/common/RenderOptions.java:37: error: cannot find symbol
    public ColorRgb boundingBoxColor;
           ^
  symbol:   class ColorRgb
  location: class RenderOptions
/Users/jedilink/usr/paradigmas/rpkCpp/java/src/main/java/vsdk/toolkit/common/RenderOptions.java:38: error: cannot find symbol
    public ColorRgb clusterColor;
           ^
  symbol:   class ColorRgb
  location: class RenderOptions
/Users/jedilink/usr/paradigmas/rpkCpp/java/src/main/java/vsdk/toolkit/common/RenderOptions.java:57: error: cannot find symbol
    private static final ColorRgb DEFAULT_OUTLINE_COLOR = new ColorRgb(0.5f, 0.0f, 0.0f);
                         ^
  symbol:   class ColorRgb
  location: class RenderOptions
/Users/jedilink/usr/paradigmas/rpkCpp/java/src/main/java/vsdk/toolkit/common/RenderOptions.java:58: error: cannot find symbol
    private static final ColorRgb DEFAULT_BOUNDING_BOX_COLOR = new ColorRgb(0.5f, 0.0f, 1.0f);
                         ^
  symbol:   class ColorRgb
  location: class RenderOptions
/Users/jedilink/usr/paradigmas/rpkCpp/java/src/main/java/vsdk/toolkit/common/RenderOptions.java:59: error: cannot find symbol
    private static final ColorRgb DEFAULT_CLUSTER_COLOR = new ColorRgb(1.0f, 0.5f, 0.0f);
                         ^
  symbol:   class ColorRgb
  location: class RenderOptions
/Users/jedilink/usr/paradigmas/rpkCpp/java/src/main/java/vsdk/toolkit/common/VSDK.java:173: error: cannot find symbol
    public static double colorDistance(ColorRgb a, ColorRgb b)
                                       ^
  symbol:   class ColorRgb
  location: class VSDK
/Users/jedilink/usr/paradigmas/rpkCpp/java/src/main/java/vsdk/toolkit/common/VSDK.java:173: error: cannot find symbol
    public static double colorDistance(ColorRgb a, ColorRgb b)
                                                   ^
  symbol:   class ColorRgb
  location: class VSDK
/Users/jedilink/usr/paradigmas/rpkCpp/java/src/main/java/vsdk/toolkit/common/RenderOptions.java:57: error: cannot find symbol
    private static final ColorRgb DEFAULT_OUTLINE_COLOR = new ColorRgb(0.5f, 0.0f, 0.0f);
                                                              ^
  symbol:   class ColorRgb
  location: class RenderOptions
/Users/jedilink/usr/paradigmas/rpkCpp/java/src/main/java/vsdk/toolkit/common/RenderOptions.java:58: error: cannot find symbol
    private static final ColorRgb DEFAULT_BOUNDING_BOX_COLOR = new ColorRgb(0.5f, 0.0f, 1.0f);
                                                                   ^
  symbol:   class ColorRgb
  location: class RenderOptions
/Users/jedilink/usr/paradigmas/rpkCpp/java/src/main/java/vsdk/toolkit/common/RenderOptions.java:59: error: cannot find symbol
    private static final ColorRgb DEFAULT_CLUSTER_COLOR = new ColorRgb(1.0f, 0.5f, 0.0f);
                                                              ^
  symbol:   class ColorRgb
  location: class RenderOptions
/Users/jedilink/usr/paradigmas/rpkCpp/java/src/main/java/vsdk/toolkit/common/RenderOptions.java:62: error: cannot find symbol
        outlineColor = new ColorRgb();
                           ^
  symbol:   class ColorRgb
  location: class RenderOptions
/Users/jedilink/usr/paradigmas/rpkCpp/java/src/main/java/vsdk/toolkit/common/RenderOptions.java:63: error: cannot find symbol
        boundingBoxColor = new ColorRgb();
                               ^
  symbol:   class ColorRgb
  location: class RenderOptions
/Users/jedilink/usr/paradigmas/rpkCpp/java/src/main/java/vsdk/toolkit/common/RenderOptions.java:64: error: cannot find symbol
        clusterColor = new ColorRgb();
                           ^
  symbol:   class ColorRgb
  location: class RenderOptions
/Users/jedilink/usr/paradigmas/rpkCpp/java/src/main/java/vsdk/toolkit/common/RenderOptions.java:73: error: cannot find symbol
        outlineColor = new ColorRgb(DEFAULT_OUTLINE_COLOR.r, DEFAULT_OUTLINE_COLOR.g, DEFAULT_OUTLINE_COLOR.b);
                           ^
  symbol:   class ColorRgb
  location: class RenderOptions
/Users/jedilink/usr/paradigmas/rpkCpp/java/src/main/java/vsdk/toolkit/common/RenderOptions.java:74: error: cannot find symbol
        boundingBoxColor = new ColorRgb(DEFAULT_BOUNDING_BOX_COLOR.r, DEFAULT_BOUNDING_BOX_COLOR.g, DEFAULT_BOUNDING_BOX_COLOR.b);
                               ^
  symbol:   class ColorRgb
  location: class RenderOptions
/Users/jedilink/usr/paradigmas/rpkCpp/java/src/main/java/vsdk/toolkit/common/RenderOptions.java:75: error: cannot find symbol
        clusterColor = new ColorRgb(DEFAULT_CLUSTER_COLOR.r, DEFAULT_CLUSTER_COLOR.g, DEFAULT_CLUSTER_COLOR.b);
                           ^
  symbol:   class ColorRgb
  location: class RenderOptions
/Users/jedilink/usr/paradigmas/rpkCpp/java/src/main/java/vsdk/toolkit/raycasting/stochasticRaytracing/RandomWalkRadianceMethod.java:397: error: cannot find symbol
        System.err.printf(", luminosity = %g\n", Cie.spectrumLuminance(cr.r, cr.g, cr.b));
                                                 ^
  symbol:   variable Cie
  location: class RandomWalkRadianceMethod
/Users/jedilink/usr/paradigmas/rpkCpp/java/src/main/java/vsdk/toolkit/raycasting/stochasticRaytracing/Ccr.java:335: error: cannot find symbol
        System.err.printf(" (%g lux)", Math.PI * Cie.spectrumLuminance(beta.r, beta.g, beta.b));
                                                 ^
  symbol:   variable Cie
  location: class Ccr
/Users/jedilink/usr/paradigmas/rpkCpp/java/src/main/java/vsdk/toolkit/app/Adaptation.java:60: error: cannot find symbol
        float brightness = Cie.spectrumLuminance(radiance.r, radiance.g, radiance.b);
                           ^
  symbol:   variable Cie
  location: class Adaptation
/Users/jedilink/usr/paradigmas/rpkCpp/java/src/main/java/vsdk/toolkit/app/SceneBuilder.java:627: error: cannot find symbol
                * ((1.0 - Cie.spectrumGray(Statistics.instance().radiance.averageReflectivity.r, Statistics.instance().radiance.averageReflectivity.g, Statistics.instance().radiance.averageReflectivity.b))
                          ^
  symbol:   variable Cie
  location: class SceneBuilder
/Users/jedilink/usr/paradigmas/rpkCpp/java/src/main/java/vsdk/toolkit/app/SceneBuilder.java:628: error: cannot find symbol
                    * Cie.spectrumLuminance(Statistics.instance().radiance.estimatedAverageRadiance.r, Statistics.instance().radiance.estimatedAverageRadiance.g, Statistics.instance().radiance.estimatedAverageRadiance.b));
                      ^
  symbol:   variable Cie
  location: class SceneBuilder
/Users/jedilink/usr/paradigmas/rpkCpp/java/src/main/java/vsdk/toolkit/app/SceneBuilder.java:660: error: cannot find symbol
            Cie.spectrumGray(Statistics.instance().radiance.totalEmittedPower.r, Statistics.instance().radiance.totalEmittedPower.g, Statistics.instance().radiance.totalEmittedPower.b),
            ^
  symbol:   variable Cie
  location: class SceneBuilder
/Users/jedilink/usr/paradigmas/rpkCpp/java/src/main/java/vsdk/toolkit/app/SceneBuilder.java:661: error: cannot find symbol
            Cie.spectrumGray(Statistics.instance().radiance.estimatedAverageRadiance.r, Statistics.instance().radiance.estimatedAverageRadiance.g, Statistics.instance().radiance.estimatedAverageRadiance.b),
            ^
  symbol:   variable Cie
  location: class SceneBuilder
/Users/jedilink/usr/paradigmas/rpkCpp/java/src/main/java/vsdk/toolkit/app/SceneBuilder.java:662: error: cannot find symbol
            Cie.spectrumGray(Statistics.instance().radiance.averageReflectivity.r, Statistics.instance().radiance.averageReflectivity.g, Statistics.instance().radiance.averageReflectivity.b),
            ^
  symbol:   variable Cie
  location: class SceneBuilder
/Users/jedilink/usr/paradigmas/rpkCpp/java/src/main/java/vsdk/toolkit/app/SceneBuilder.java:663: error: cannot find symbol
            Cie.spectrumGray(Statistics.instance().radiance.maxSelfEmittedRadiance.r, Statistics.instance().radiance.maxSelfEmittedRadiance.g, Statistics.instance().radiance.maxSelfEmittedRadiance.b),
            ^
  symbol:   variable Cie
  location: class SceneBuilder
/Users/jedilink/usr/paradigmas/rpkCpp/java/src/main/java/vsdk/toolkit/app/SceneBuilder.java:664: error: cannot find symbol
            Cie.spectrumGray(Statistics.instance().radiance.maxSelfEmittedPower.r, Statistics.instance().radiance.maxSelfEmittedPower.g, Statistics.instance().radiance.maxSelfEmittedPower.b),
            ^
  symbol:   variable Cie
  location: class SceneBuilder
/Users/jedilink/usr/paradigmas/rpkCpp/java/src/main/java/vsdk/toolkit/render/jogl/visualDebugTools/GlutDebugPatchHierarchy.java:124: error: cannot find symbol
            grayValue = toneMappedGrayAndDarkened(Cie.spectrumLuminance(rgbColor.r, rgbColor.g, rgbColor.b));
                                                  ^
  symbol:   variable Cie
  location: class GlutDebugPatchHierarchy
/Users/jedilink/usr/paradigmas/rpkCpp/java/src/main/java/vsdk/toolkit/render/jogl/visualDebugTools/GlutDebugPatchHierarchy.java:134: error: cannot find symbol
            outlineGray = toneMappedGrayAndDarkened(Cie.spectrumLuminance(
                                                    ^
  symbol:   variable Cie
  location: class GlutDebugPatchHierarchy
Note: Some input files use unchecked or unsafe operations.
Note: Recompile with -Xlint:unchecked for details.
29 errors

FAILURE: Build failed with an exception.

* What went wrong:
Execution failed for task ':compileJava'.
> Compilation failed; see the compiler error output for details.

* Try:
> Run with --info option to get more log output.
> Run with --scan to get full insights.

BUILD FAILED in 48s
1 actionable task: 1 executed
2026-05-10T16:46:47.104+0200 [DEBUG] [org.gradle.launcher.daemon.server.exec.ExecuteBuild] The daemon has finished executing the build.
2026-05-10T16:46:47.116+0200 [DEBUG] [org.gradle.launcher.daemon.server.DaemonStateCoordinator] daemon is running. Sleeping until state changes.
2026-05-10T16:46:47.116+0200 [DEBUG] [org.gradle.launcher.daemon.server.DaemonStateCoordinator] Command execution: finished waiting for DaemonCommandExecution[command = Build{id=eff3510c-fe8e-465f-b524-7c918412c042, currentDir=/Users/jedilink/usr/paradigmas/rpkCpp/java}, connection = DefaultDaemonConnection: socket connection from /127.0.0.1:56042 to /127.0.0.1:56043]. Result org.gradle.launcher.daemon.server.DaemonStateCoordinator@6184c47d with state Busy
2026-05-10T16:46:47.116+0200 [DEBUG] [org.gradle.launcher.daemon.server.DaemonStateCoordinator] Command execution: completed DaemonCommandExecution[command = Build{id=eff3510c-fe8e-465f-b524-7c918412c042, currentDir=/Users/jedilink/usr/paradigmas/rpkCpp/java}, connection = DefaultDaemonConnection: socket connection from /127.0.0.1:56042 to /127.0.0.1:56043]
2026-05-10T16:46:47.116+0200 [DEBUG] [org.gradle.launcher.daemon.server.DaemonStateCoordinator] resetting idle timer
2026-05-10T16:46:47.116+0200 [INFO] [org.gradle.launcher.daemon.server.DaemonRegistryUpdater] Marking the daemon as idle, address: [376d0578-5044-4384-a2bd-56024134d438 port:56042, addresses:[localhost/127.0.0.1]]
2026-05-10T16:46:47.116+0200 [DEBUG] [org.gradle.launcher.daemon.registry.PersistentDaemonRegistry] Marking busy by address: [376d0578-5044-4384-a2bd-56024134d438 port:56042, addresses:[localhost/127.0.0.1]]
2026-05-10T16:46:47.117+0200 [DEBUG] [org.gradle.cache.internal.DefaultFileLockManager] Waiting to acquire exclusive lock on daemon addresses registry.
2026-05-10T16:46:47.117+0200 [DEBUG] [org.gradle.cache.internal.DefaultFileLockManager] Lock acquired on daemon addresses registry.
2026-05-10T16:46:47.117+0200 [DEBUG] [org.gradle.cache.internal.DefaultFileLockManager] Releasing lock on daemon addresses registry.
2026-05-10T16:46:47.118+0200 [DEBUG] [org.gradle.launcher.daemon.server.DaemonStateCoordinator] daemon is running. Sleeping until state changes.
2026-05-10T16:46:47.118+0200 [DEBUG] [org.gradle.launcher.daemon.server.exec.ReturnResult] Daemon is dispatching the build result: Success[value=org.gradle.launcher.exec.BuildActionResult@263fe003]
2026-05-10T16:46:47.118+0200 [DEBUG] [org.gradle.launcher.daemon.server.SynchronizedDispatchConnection] thread 20: dispatching Success[value=org.gradle.launcher.exec.BuildActionResult@263fe003]
2026-05-10T16:46:47.123+0200 [DEBUG] [org.gradle.launcher.daemon.server.exec.CleanUpVirtualFileSystemAfterBuild] Cleaning virtual file system after build finished
2026-05-10T16:46:47.123+0200 [DEBUG] [org.gradle.launcher.daemon.server.DefaultIncomingConnectionHandler] Finishing executing command: Build{id=eff3510c-fe8e-465f-b524-7c918412c042, currentDir=/Users/jedilink/usr/paradigmas/rpkCpp/java}
2026-05-10T16:46:47.141+0200 [DEBUG] [org.gradle.launcher.daemon.server.SynchronizedDispatchConnection] thread 21: received class org.gradle.launcher.daemon.protocol.CloseInput
2026-05-10T16:46:47.141+0200 [DEBUG] [org.gradle.launcher.daemon.server.DefaultDaemonConnection] thread 21: Received IO message from client: org.gradle.launcher.daemon.protocol.CloseInput@c37c12
2026-05-10T16:46:47.141+0200 [DEBUG] [org.gradle.launcher.daemon.server.SynchronizedDispatchConnection] thread 21: received class org.gradle.launcher.daemon.protocol.Finished
2026-05-10T16:46:47.141+0200 [DEBUG] [org.gradle.launcher.daemon.server.DefaultDaemonConnection] thread 21: Received non-IO message from client: org.gradle.launcher.daemon.protocol.Finished@1111efaa
2026-05-10T16:46:47.142+0200 [DEBUG] [org.gradle.launcher.daemon.server.DefaultIncomingConnectionHandler] Received finished message: org.gradle.launcher.daemon.protocol.Finished@1111efaa
2026-05-10T16:46:47.142+0200 [DEBUG] [org.gradle.internal.remote.internal.inet.SocketConnection] Discarding EOFException: java.io.EOFException
2026-05-10T16:46:47.142+0200 [DEBUG] [org.gradle.launcher.daemon.server.SynchronizedDispatchConnection] thread 21: received null
2026-05-10T16:46:47.142+0200 [DEBUG] [org.gradle.launcher.daemon.server.SynchronizedDispatchConnection] thread 20: stopping connection
2026-05-10T16:46:47.142+0200 [DEBUG] [org.gradle.launcher.daemon.server.DefaultDaemonConnection] thread 21: Received end-of-input from client.
2026-05-10T16:46:47.145+0200 [DEBUG] [org.gradle.launcher.daemon.server.SynchronizedDispatchConnection] thread 20: stopping connection
2026-05-10T16:46:49.838+0200 [DEBUG] [org.gradle.cache.internal.DefaultFileLockManager] Waiting to acquire shared lock on daemon addresses registry.
2026-05-10T16:46:49.839+0200 [DEBUG] [org.gradle.cache.internal.DefaultFileLockManager] Lock acquired on daemon addresses registry.
2026-05-10T16:46:49.840+0200 [DEBUG] [org.gradle.cache.internal.DefaultFileLockManager] Releasing lock on daemon addresses registry.
2026-05-10T16:46:49.842+0200 [DEBUG] [org.gradle.cache.internal.DefaultFileLockManager] Waiting to acquire shared lock on daemon addresses registry.
2026-05-10T16:46:49.842+0200 [DEBUG] [org.gradle.cache.internal.DefaultFileLockManager] Lock acquired on daemon addresses registry.
2026-05-10T16:46:49.843+0200 [DEBUG] [org.gradle.cache.internal.DefaultFileLockManager] Releasing lock on daemon addresses registry.
2026-05-10T16:46:54.069+0200 [DEBUG] [org.gradle.internal.watch.vfs.impl.WatchingVirtualFileSystem] Handling VFS change MODIFIED /Users/jedilink/usr/paradigmas/rpkCpp/java/src/main/java/vsdk/toolkit/common/RenderOptions.java
2026-05-10T16:46:57.126+0200 [DEBUG] [org.gradle.internal.watch.vfs.impl.WatchingVirtualFileSystem] Handling VFS change MODIFIED /Users/jedilink/usr/paradigmas/rpkCpp/java/src/main/java/vsdk/toolkit/common/VSDK.java
2026-05-10T16:46:59.838+0200 [DEBUG] [org.gradle.cache.internal.DefaultFileLockManager] Waiting to acquire shared lock on daemon addresses registry.
2026-05-10T16:46:59.839+0200 [DEBUG] [org.gradle.cache.internal.DefaultFileLockManager] Lock acquired on daemon addresses registry.
2026-05-10T16:46:59.839+0200 [DEBUG] [org.gradle.cache.internal.DefaultFileLockManager] Releasing lock on daemon addresses registry.
2026-05-10T16:46:59.840+0200 [DEBUG] [org.gradle.cache.internal.DefaultFileLockManager] Waiting to acquire shared lock on daemon addresses registry.
2026-05-10T16:46:59.840+0200 [DEBUG] [org.gradle.cache.internal.DefaultFileLockManager] Lock acquired on daemon addresses registry.
2026-05-10T16:46:59.841+0200 [DEBUG] [org.gradle.cache.internal.DefaultFileLockManager] Releasing lock on daemon addresses registry.
2026-05-10T16:46:59.842+0200 [DEBUG] [org.gradle.cache.internal.DefaultFileLockManager] Waiting to acquire shared lock on daemon addresses registry.
2026-05-10T16:46:59.842+0200 [DEBUG] [org.gradle.cache.internal.DefaultFileLockManager] Lock acquired on daemon addresses registry.
2026-05-10T16:46:59.843+0200 [DEBUG] [org.gradle.cache.internal.DefaultFileLockManager] Releasing lock on daemon addresses registry.
2026-05-10T16:47:00.221+0200 [DEBUG] [org.gradle.internal.watch.vfs.impl.WatchingVirtualFileSystem] Handling VFS change MODIFIED /Users/jedilink/usr/paradigmas/rpkCpp/java/src/main/java/vsdk/toolkit/raycasting/stochasticRaytracing/RandomWalkRadianceMethod.java
2026-05-10T16:47:03.067+0200 [DEBUG] [org.gradle.internal.watch.vfs.impl.WatchingVirtualFileSystem] Handling VFS change MODIFIED /Users/jedilink/usr/paradigmas/rpkCpp/java/src/main/java/vsdk/toolkit/raycasting/stochasticRaytracing/Ccr.java
2026-05-10T16:47:06.983+0200 [DEBUG] [org.gradle.internal.watch.vfs.impl.WatchingVirtualFileSystem] Handling VFS change MODIFIED /Users/jedilink/usr/paradigmas/rpkCpp/java/src/main/java/vsdk/toolkit/app/Adaptation.java
2026-05-10T16:47:09.837+0200 [DEBUG] [org.gradle.cache.internal.DefaultFileLockManager] Waiting to acquire shared lock on daemon addresses registry.
2026-05-10T16:47:09.837+0200 [DEBUG] [org.gradle.cache.internal.DefaultFileLockManager] Lock acquired on daemon addresses registry.
2026-05-10T16:47:09.837+0200 [DEBUG] [org.gradle.cache.internal.DefaultFileLockManager] Releasing lock on daemon addresses registry.
2026-05-10T16:47:09.838+0200 [DEBUG] [org.gradle.cache.internal.DefaultFileLockManager] Waiting to acquire shared lock on daemon addresses registry.
2026-05-10T16:47:09.838+0200 [DEBUG] [org.gradle.cache.internal.DefaultFileLockManager] Lock acquired on daemon addresses registry.
2026-05-10T16:47:09.838+0200 [DEBUG] [org.gradle.cache.internal.DefaultFileLockManager] Releasing lock on daemon addresses registry.
2026-05-10T16:47:09.838+0200 [DEBUG] [org.gradle.cache.internal.DefaultFileLockManager] Waiting to acquire shared lock on daemon addresses registry.
2026-05-10T16:47:09.838+0200 [DEBUG] [org.gradle.cache.internal.DefaultFileLockManager] Lock acquired on daemon addresses registry.
2026-05-10T16:47:09.838+0200 [DEBUG] [org.gradle.cache.internal.DefaultFileLockManager] Releasing lock on daemon addresses registry.
2026-05-10T16:47:10.460+0200 [DEBUG] [org.gradle.internal.watch.vfs.impl.WatchingVirtualFileSystem] Handling VFS change MODIFIED /Users/jedilink/usr/paradigmas/rpkCpp/java/src/main/java/vsdk/toolkit/app/SceneBuilder.java
2026-05-10T16:47:13.474+0200 [DEBUG] [org.gradle.internal.watch.vfs.impl.WatchingVirtualFileSystem] Handling VFS change MODIFIED /Users/jedilink/usr/paradigmas/rpkCpp/java/src/main/java/vsdk/toolkit/render/jogl/visualDebugTools/GlutDebugPatchHierarchy.java
2026-05-10T16:47:17.146+0200 [DEBUG] [org.gradle.internal.watch.vfs.impl.WatchingVirtualFileSystem] Handling VFS change REMOVED /Users/jedilink/usr/paradigmas/rpkCpp/java/build/classes/java/main
2026-05-10T16:47:17.148+0200 [DEBUG] [org.gradle.internal.watch.vfs.impl.WatchingVirtualFileSystem] Handling VFS change REMOVED /Users/jedilink/usr/paradigmas/rpkCpp/java/build/generated/sources/annotationProcessor/java/main
2026-05-10T16:47:17.149+0200 [DEBUG] [org.gradle.internal.watch.vfs.impl.WatchingVirtualFileSystem] Handling VFS change REMOVED /Users/jedilink/usr/paradigmas/rpkCpp/java/build/generated/sources/headers/java/main
2026-05-10T16:47:18.767+0200 [DEBUG] [org.gradle.internal.watch.vfs.impl.WatchingVirtualFileSystem] Handling VFS change MODIFIED /Users/jedilink/usr/paradigmas/rpkCpp/java/build/tmp/compileJava/previous-compilation-data.bin
2026-05-10T16:47:19.837+0200 [DEBUG] [org.gradle.cache.internal.DefaultFileLockManager] Waiting to acquire shared lock on daemon addresses registry.
2026-05-10T16:47:19.837+0200 [DEBUG] [org.gradle.cache.internal.DefaultFileLockManager] Lock acquired on daemon addresses registry.
2026-05-10T16:47:19.838+0200 [DEBUG] [org.gradle.cache.internal.DefaultFileLockManager] Releasing lock on daemon addresses registry.
2026-05-10T16:47:19.838+0200 [DEBUG] [org.gradle.cache.internal.DefaultFileLockManager] Waiting to acquire shared lock on daemon addresses registry.
2026-05-10T16:47:19.839+0200 [DEBUG] [org.gradle.cache.internal.DefaultFileLockManager] Lock acquired on daemon addresses registry.
2026-05-10T16:47:19.839+0200 [DEBUG] [org.gradle.cache.internal.DefaultFileLockManager] Releasing lock on daemon addresses registry.
2026-05-10T16:47:19.839+0200 [DEBUG] [org.gradle.cache.internal.DefaultFileLockManager] Waiting to acquire shared lock on daemon addresses registry.
2026-05-10T16:47:19.839+0200 [DEBUG] [org.gradle.cache.internal.DefaultFileLockManager] Lock acquired on daemon addresses registry.
2026-05-10T16:47:19.839+0200 [DEBUG] [org.gradle.cache.internal.DefaultFileLockManager] Releasing lock on daemon addresses registry.
2026-05-10T16:47:29.838+0200 [DEBUG] [org.gradle.cache.internal.DefaultFileLockManager] Waiting to acquire shared lock on daemon addresses registry.
2026-05-10T16:47:29.839+0200 [DEBUG] [org.gradle.cache.internal.DefaultFileLockManager] Lock acquired on daemon addresses registry.
2026-05-10T16:47:29.840+0200 [DEBUG] [org.gradle.cache.internal.DefaultFileLockManager] Releasing lock on daemon addresses registry.
2026-05-10T16:47:29.841+0200 [DEBUG] [org.gradle.cache.internal.DefaultFileLockManager] Waiting to acquire shared lock on daemon addresses registry.
2026-05-10T16:47:29.841+0200 [DEBUG] [org.gradle.cache.internal.DefaultFileLockManager] Lock acquired on daemon addresses registry.
2026-05-10T16:47:29.841+0200 [DEBUG] [org.gradle.cache.internal.DefaultFileLockManager] Releasing lock on daemon addresses registry.
2026-05-10T16:47:29.842+0200 [DEBUG] [org.gradle.cache.internal.DefaultFileLockManager] Waiting to acquire shared lock on daemon addresses registry.
2026-05-10T16:47:29.842+0200 [DEBUG] [org.gradle.cache.internal.DefaultFileLockManager] Lock acquired on daemon addresses registry.
2026-05-10T16:47:29.842+0200 [DEBUG] [org.gradle.cache.internal.DefaultFileLockManager] Releasing lock on daemon addresses registry.
2026-05-10T16:47:39.836+0200 [DEBUG] [org.gradle.cache.internal.DefaultFileLockManager] Waiting to acquire shared lock on daemon addresses registry.
2026-05-10T16:47:39.837+0200 [DEBUG] [org.gradle.cache.internal.DefaultFileLockManager] Lock acquired on daemon addresses registry.
2026-05-10T16:47:39.837+0200 [DEBUG] [org.gradle.cache.internal.DefaultFileLockManager] Releasing lock on daemon addresses registry.
2026-05-10T16:47:39.838+0200 [DEBUG] [org.gradle.cache.internal.DefaultFileLockManager] Waiting to acquire shared lock on daemon addresses registry.
2026-05-10T16:47:39.838+0200 [DEBUG] [org.gradle.cache.internal.DefaultFileLockManager] Lock acquired on daemon addresses registry.
2026-05-10T16:47:39.838+0200 [DEBUG] [org.gradle.cache.internal.DefaultFileLockManager] Releasing lock on daemon addresses registry.
2026-05-10T16:47:39.839+0200 [DEBUG] [org.gradle.cache.internal.DefaultFileLockManager] Waiting to acquire shared lock on daemon addresses registry.
2026-05-10T16:47:39.839+0200 [DEBUG] [org.gradle.cache.internal.DefaultFileLockManager] Lock acquired on daemon addresses registry.
2026-05-10T16:47:39.839+0200 [DEBUG] [org.gradle.cache.internal.DefaultFileLockManager] Releasing lock on daemon addresses registry.
2026-05-10T16:47:49.839+0200 [DEBUG] [org.gradle.cache.internal.DefaultFileLockManager] Waiting to acquire shared lock on daemon addresses registry.
2026-05-10T16:47:49.842+0200 [DEBUG] [org.gradle.cache.internal.DefaultFileLockManager] Lock acquired on daemon addresses registry.
2026-05-10T16:47:49.843+0200 [DEBUG] [org.gradle.cache.internal.DefaultFileLockManager] Releasing lock on daemon addresses registry.
2026-05-10T16:47:49.844+0200 [DEBUG] [org.gradle.cache.internal.DefaultFileLockManager] Waiting to acquire shared lock on daemon addresses registry.
2026-05-10T16:47:49.844+0200 [DEBUG] [org.gradle.cache.internal.DefaultFileLockManager] Lock acquired on daemon addresses registry.
2026-05-10T16:47:49.845+0200 [DEBUG] [org.gradle.cache.internal.DefaultFileLockManager] Releasing lock on daemon addresses registry.
2026-05-10T16:47:49.845+0200 [DEBUG] [org.gradle.cache.internal.DefaultFileLockManager] Waiting to acquire shared lock on daemon addresses registry.
2026-05-10T16:47:49.846+0200 [DEBUG] [org.gradle.cache.internal.DefaultFileLockManager] Lock acquired on daemon addresses registry.
2026-05-10T16:47:49.846+0200 [DEBUG] [org.gradle.cache.internal.DefaultFileLockManager] Releasing lock on daemon addresses registry.
2026-05-10T16:47:59.836+0200 [DEBUG] [org.gradle.cache.internal.DefaultFileLockManager] Waiting to acquire shared lock on daemon addresses registry.
2026-05-10T16:47:59.837+0200 [DEBUG] [org.gradle.cache.internal.DefaultFileLockManager] Lock acquired on daemon addresses registry.
2026-05-10T16:47:59.838+0200 [DEBUG] [org.gradle.cache.internal.DefaultFileLockManager] Releasing lock on daemon addresses registry.
2026-05-10T16:47:59.839+0200 [DEBUG] [org.gradle.cache.internal.DefaultFileLockManager] Waiting to acquire shared lock on daemon addresses registry.
2026-05-10T16:47:59.839+0200 [DEBUG] [org.gradle.cache.internal.DefaultFileLockManager] Lock acquired on daemon addresses registry.
2026-05-10T16:47:59.839+0200 [DEBUG] [org.gradle.cache.internal.DefaultFileLockManager] Releasing lock on daemon addresses registry.
2026-05-10T16:47:59.840+0200 [DEBUG] [org.gradle.cache.internal.DefaultFileLockManager] Waiting to acquire shared lock on daemon addresses registry.
2026-05-10T16:47:59.841+0200 [DEBUG] [org.gradle.cache.internal.DefaultFileLockManager] Lock acquired on daemon addresses registry.
2026-05-10T16:47:59.841+0200 [DEBUG] [org.gradle.cache.internal.DefaultFileLockManager] Releasing lock on daemon addresses registry.
2026-05-10T16:48:09.835+0200 [DEBUG] [org.gradle.cache.internal.DefaultFileLockManager] Waiting to acquire shared lock on daemon addresses registry.
2026-05-10T16:48:09.836+0200 [DEBUG] [org.gradle.cache.internal.DefaultFileLockManager] Lock acquired on daemon addresses registry.
2026-05-10T16:48:09.837+0200 [DEBUG] [org.gradle.cache.internal.DefaultFileLockManager] Releasing lock on daemon addresses registry.
2026-05-10T16:48:09.838+0200 [DEBUG] [org.gradle.cache.internal.DefaultFileLockManager] Waiting to acquire shared lock on daemon addresses registry.
2026-05-10T16:48:09.838+0200 [DEBUG] [org.gradle.cache.internal.DefaultFileLockManager] Lock acquired on daemon addresses registry.
2026-05-10T16:48:09.839+0200 [DEBUG] [org.gradle.cache.internal.DefaultFileLockManager] Releasing lock on daemon addresses registry.
2026-05-10T16:48:09.840+0200 [DEBUG] [org.gradle.cache.internal.DefaultFileLockManager] Waiting to acquire shared lock on daemon addresses registry.
2026-05-10T16:48:09.840+0200 [DEBUG] [org.gradle.cache.internal.DefaultFileLockManager] Lock acquired on daemon addresses registry.
2026-05-10T16:48:09.840+0200 [DEBUG] [org.gradle.cache.internal.DefaultFileLockManager] Releasing lock on daemon addresses registry.
